C:/Users/ratho/Desktop/RTOS_Workspace/RTOS_Workspace/common/ThirdParty/SystemView/SYSVIEW/SEGGER_SYSVIEW.c:410:12:_EncodeData	32	static
C:/Users/ratho/Desktop/RTOS_Workspace/RTOS_Workspace/common/ThirdParty/SystemView/SYSVIEW/SEGGER_SYSVIEW.c:449:12:_EncodeFloat	32	static
C:/Users/ratho/Desktop/RTOS_Workspace/RTOS_Workspace/common/ThirdParty/SystemView/SYSVIEW/SEGGER_SYSVIEW.c:489:12:_EncodeStr	32	static
C:/Users/ratho/Desktop/RTOS_Workspace/RTOS_Workspace/common/ThirdParty/SystemView/SYSVIEW/SEGGER_SYSVIEW.c:547:12:_PreparePacket	16	static
C:/Users/ratho/Desktop/RTOS_Workspace/RTOS_Workspace/common/ThirdParty/SystemView/SYSVIEW/SEGGER_SYSVIEW.c:564:13:_HandleIncomingPacket	16	static
C:/Users/ratho/Desktop/RTOS_Workspace/RTOS_Workspace/common/ThirdParty/SystemView/SYSVIEW/SEGGER_SYSVIEW.c:624:13:_CheckDownBuffer	16	static
C:/Users/ratho/Desktop/RTOS_Workspace/RTOS_Workspace/common/ThirdParty/SystemView/SYSVIEW/SEGGER_SYSVIEW.c:662:12:_TrySendOverflowPacket	56	static
C:/Users/ratho/Desktop/RTOS_Workspace/RTOS_Workspace/common/ThirdParty/SystemView/SYSVIEW/SEGGER_SYSVIEW.c:764:13:_SendPacket	32	static
C:/Users/ratho/Desktop/RTOS_Workspace/RTOS_Workspace/common/ThirdParty/SystemView/SYSVIEW/SEGGER_SYSVIEW.c:889:12:_SendPacket_Ex	40	static
C:/Users/ratho/Desktop/RTOS_Workspace/RTOS_Workspace/common/ThirdParty/SystemView/SYSVIEW/SEGGER_SYSVIEW.c:994:12:_VPrintHost	144	static,ignoring_inline_asm
C:/Users/ratho/Desktop/RTOS_Workspace/RTOS_Workspace/common/ThirdParty/SystemView/SYSVIEW/SEGGER_SYSVIEW.c:1075:13:_StoreChar	48	static
C:/Users/ratho/Desktop/RTOS_Workspace/RTOS_Workspace/common/ThirdParty/SystemView/SYSVIEW/SEGGER_SYSVIEW.c:1117:13:_PrintUnsigned	48	static
C:/Users/ratho/Desktop/RTOS_Workspace/RTOS_Workspace/common/ThirdParty/SystemView/SYSVIEW/SEGGER_SYSVIEW.c:1208:13:_PrintInt	40	static
C:/Users/ratho/Desktop/RTOS_Workspace/RTOS_Workspace/common/ThirdParty/SystemView/SYSVIEW/SEGGER_SYSVIEW.c:1281:13:_VPrintTarget	104	static,ignoring_inline_asm
C:/Users/ratho/Desktop/RTOS_Workspace/RTOS_Workspace/common/ThirdParty/SystemView/SYSVIEW/SEGGER_SYSVIEW.c:1452:6:_SendStartEvent	40	static,ignoring_inline_asm
C:/Users/ratho/Desktop/RTOS_Workspace/RTOS_Workspace/common/ThirdParty/SystemView/SYSVIEW/SEGGER_SYSVIEW.c:1475:6:_SendInitEvent	96	static,ignoring_inline_asm
C:/Users/ratho/Desktop/RTOS_Workspace/RTOS_Workspace/common/ThirdParty/SystemView/SYSVIEW/SEGGER_SYSVIEW.c:1517:6:_RecordSystime	88	static,ignoring_inline_asm
C:/Users/ratho/Desktop/RTOS_Workspace/RTOS_Workspace/common/ThirdParty/SystemView/SYSVIEW/SEGGER_SYSVIEW.c:1577:6:SEGGER_SYSVIEW_Init	32	static
C:/Users/ratho/Desktop/RTOS_Workspace/RTOS_Workspace/common/ThirdParty/SystemView/SYSVIEW/SEGGER_SYSVIEW.c:1606:6:SEGGER_SYSVIEW_Init_Ex	32	static
C:/Users/ratho/Desktop/RTOS_Workspace/RTOS_Workspace/common/ThirdParty/SystemView/SYSVIEW/SEGGER_SYSVIEW.c:1660:6:SEGGER_SYSVIEW_InitAdditionalBuffer	32	static
C:/Users/ratho/Desktop/RTOS_Workspace/RTOS_Workspace/common/ThirdParty/SystemView/SYSVIEW/SEGGER_SYSVIEW.c:1676:6:SEGGER_SYSVIEW_SetRAMBase	16	static
C:/Users/ratho/Desktop/RTOS_Workspace/RTOS_Workspace/common/ThirdParty/SystemView/SYSVIEW/SEGGER_SYSVIEW.c:1690:6:SEGGER_SYSVIEW_RecordVoid	24	static,ignoring_inline_asm
C:/Users/ratho/Desktop/RTOS_Workspace/RTOS_Workspace/common/ThirdParty/SystemView/SYSVIEW/SEGGER_SYSVIEW.c:1710:6:SEGGER_SYSVIEW_RecordU32	40	static,ignoring_inline_asm
C:/Users/ratho/Desktop/RTOS_Workspace/RTOS_Workspace/common/ThirdParty/SystemView/SYSVIEW/SEGGER_SYSVIEW.c:1733:6:SEGGER_SYSVIEW_RecordU32x2	56	static,ignoring_inline_asm
C:/Users/ratho/Desktop/RTOS_Workspace/RTOS_Workspace/common/ThirdParty/SystemView/SYSVIEW/SEGGER_SYSVIEW.c:1758:6:SEGGER_SYSVIEW_RecordU32x3	64	static,ignoring_inline_asm
C:/Users/ratho/Desktop/RTOS_Workspace/RTOS_Workspace/common/ThirdParty/SystemView/SYSVIEW/SEGGER_SYSVIEW.c:1785:6:SEGGER_SYSVIEW_RecordU32x4	72	static,ignoring_inline_asm
C:/Users/ratho/Desktop/RTOS_Workspace/RTOS_Workspace/common/ThirdParty/SystemView/SYSVIEW/SEGGER_SYSVIEW.c:1814:6:SEGGER_SYSVIEW_RecordU32x5	80	static,ignoring_inline_asm
C:/Users/ratho/Desktop/RTOS_Workspace/RTOS_Workspace/common/ThirdParty/SystemView/SYSVIEW/SEGGER_SYSVIEW.c:1845:6:SEGGER_SYSVIEW_RecordU32x6	88	static,ignoring_inline_asm
C:/Users/ratho/Desktop/RTOS_Workspace/RTOS_Workspace/common/ThirdParty/SystemView/SYSVIEW/SEGGER_SYSVIEW.c:1878:6:SEGGER_SYSVIEW_RecordU32x7	96	static,ignoring_inline_asm
C:/Users/ratho/Desktop/RTOS_Workspace/RTOS_Workspace/common/ThirdParty/SystemView/SYSVIEW/SEGGER_SYSVIEW.c:1913:6:SEGGER_SYSVIEW_RecordU32x8	104	static,ignoring_inline_asm
C:/Users/ratho/Desktop/RTOS_Workspace/RTOS_Workspace/common/ThirdParty/SystemView/SYSVIEW/SEGGER_SYSVIEW.c:1950:6:SEGGER_SYSVIEW_RecordU32x9	112	static,ignoring_inline_asm
C:/Users/ratho/Desktop/RTOS_Workspace/RTOS_Workspace/common/ThirdParty/SystemView/SYSVIEW/SEGGER_SYSVIEW.c:1989:6:SEGGER_SYSVIEW_RecordU32x10	120	static,ignoring_inline_asm
C:/Users/ratho/Desktop/RTOS_Workspace/RTOS_Workspace/common/ThirdParty/SystemView/SYSVIEW/SEGGER_SYSVIEW.c:2024:6:SEGGER_SYSVIEW_RecordString	32	static,ignoring_inline_asm
C:/Users/ratho/Desktop/RTOS_Workspace/RTOS_Workspace/common/ThirdParty/SystemView/SYSVIEW/SEGGER_SYSVIEW.c:2060:6:SEGGER_SYSVIEW_Start	8	static
C:/Users/ratho/Desktop/RTOS_Workspace/RTOS_Workspace/common/ThirdParty/SystemView/SYSVIEW/SEGGER_SYSVIEW.c:2106:6:SEGGER_SYSVIEW_Start_Ex	24	static,ignoring_inline_asm
C:/Users/ratho/Desktop/RTOS_Workspace/RTOS_Workspace/common/ThirdParty/SystemView/SYSVIEW/SEGGER_SYSVIEW.c:2150:6:SEGGER_SYSVIEW_Stop	8	static
C:/Users/ratho/Desktop/RTOS_Workspace/RTOS_Workspace/common/ThirdParty/SystemView/SYSVIEW/SEGGER_SYSVIEW.c:2157:6:SEGGER_SYSVIEW_Stop_Ex	40	static,ignoring_inline_asm
C:/Users/ratho/Desktop/RTOS_Workspace/RTOS_Workspace/common/ThirdParty/SystemView/SYSVIEW/SEGGER_SYSVIEW.c:2178:5:SEGGER_SYSVIEW_GetChannelID	4	static
C:/Users/ratho/Desktop/RTOS_Workspace/RTOS_Workspace/common/ThirdParty/SystemView/SYSVIEW/SEGGER_SYSVIEW.c:2190:6:SEGGER_SYSVIEW_GetSysDesc	56	static,ignoring_inline_asm
C:/Users/ratho/Desktop/RTOS_Workspace/RTOS_Workspace/common/ThirdParty/SystemView/SYSVIEW/SEGGER_SYSVIEW.c:2218:6:SEGGER_SYSVIEW_SendTaskInfo	80	static,ignoring_inline_asm
C:/Users/ratho/Desktop/RTOS_Workspace/RTOS_Workspace/common/ThirdParty/SystemView/SYSVIEW/SEGGER_SYSVIEW.c:2250:6:SEGGER_SYSVIEW_SendStackInfo	64	static,ignoring_inline_asm
C:/Users/ratho/Desktop/RTOS_Workspace/RTOS_Workspace/common/ThirdParty/SystemView/SYSVIEW/SEGGER_SYSVIEW.c:2275:6:SEGGER_SYSVIEW_SampleData	40	static,ignoring_inline_asm
C:/Users/ratho/Desktop/RTOS_Workspace/RTOS_Workspace/common/ThirdParty/SystemView/SYSVIEW/SEGGER_SYSVIEW.c:2295:30:SEGGER_SYSVIEW_GetMainContext	4	static
C:/Users/ratho/Desktop/RTOS_Workspace/RTOS_Workspace/common/ThirdParty/SystemView/SYSVIEW/SEGGER_SYSVIEW.c:2306:6:SEGGER_SYSVIEW_SendTaskList	8	static
C:/Users/ratho/Desktop/RTOS_Workspace/RTOS_Workspace/common/ThirdParty/SystemView/SYSVIEW/SEGGER_SYSVIEW.c:2336:6:SEGGER_SYSVIEW_SendSysDesc	32	static,ignoring_inline_asm
C:/Users/ratho/Desktop/RTOS_Workspace/RTOS_Workspace/common/ThirdParty/SystemView/SYSVIEW/SEGGER_SYSVIEW.c:2354:6:SEGGER_SYSVIEW_RecordSystime	24	static
C:/Users/ratho/Desktop/RTOS_Workspace/RTOS_Workspace/common/ThirdParty/SystemView/SYSVIEW/SEGGER_SYSVIEW.c:2378:6:SEGGER_SYSVIEW_RecordEnterISR	32	static,ignoring_inline_asm
C:/Users/ratho/Desktop/RTOS_Workspace/RTOS_Workspace/common/ThirdParty/SystemView/SYSVIEW/SEGGER_SYSVIEW.c:2405:6:SEGGER_SYSVIEW_RecordExitISR	16	static,ignoring_inline_asm
C:/Users/ratho/Desktop/RTOS_Workspace/RTOS_Workspace/common/ThirdParty/SystemView/SYSVIEW/SEGGER_SYSVIEW.c:2427:6:SEGGER_SYSVIEW_RecordExitISRToScheduler	16	static,ignoring_inline_asm
C:/Users/ratho/Desktop/RTOS_Workspace/RTOS_Workspace/common/ThirdParty/SystemView/SYSVIEW/SEGGER_SYSVIEW.c:2445:6:SEGGER_SYSVIEW_RecordEnterTimer	40	static,ignoring_inline_asm
C:/Users/ratho/Desktop/RTOS_Workspace/RTOS_Workspace/common/ThirdParty/SystemView/SYSVIEW/SEGGER_SYSVIEW.c:2463:6:SEGGER_SYSVIEW_RecordExitTimer	16	static,ignoring_inline_asm
C:/Users/ratho/Desktop/RTOS_Workspace/RTOS_Workspace/common/ThirdParty/SystemView/SYSVIEW/SEGGER_SYSVIEW.c:2481:6:SEGGER_SYSVIEW_RecordEndCall	40	static,ignoring_inline_asm
C:/Users/ratho/Desktop/RTOS_Workspace/RTOS_Workspace/common/ThirdParty/SystemView/SYSVIEW/SEGGER_SYSVIEW.c:2503:6:SEGGER_SYSVIEW_RecordEndCallU32	48	static,ignoring_inline_asm
C:/Users/ratho/Desktop/RTOS_Workspace/RTOS_Workspace/common/ThirdParty/SystemView/SYSVIEW/SEGGER_SYSVIEW.c:2522:6:SEGGER_SYSVIEW_OnIdle	16	static,ignoring_inline_asm
C:/Users/ratho/Desktop/RTOS_Workspace/RTOS_Workspace/common/ThirdParty/SystemView/SYSVIEW/SEGGER_SYSVIEW.c:2541:6:SEGGER_SYSVIEW_OnTaskCreate	40	static,ignoring_inline_asm
C:/Users/ratho/Desktop/RTOS_Workspace/RTOS_Workspace/common/ThirdParty/SystemView/SYSVIEW/SEGGER_SYSVIEW.c:2566:6:SEGGER_SYSVIEW_OnTaskTerminate	40	static,ignoring_inline_asm
C:/Users/ratho/Desktop/RTOS_Workspace/RTOS_Workspace/common/ThirdParty/SystemView/SYSVIEW/SEGGER_SYSVIEW.c:2590:6:SEGGER_SYSVIEW_OnTaskStartExec	40	static,ignoring_inline_asm
C:/Users/ratho/Desktop/RTOS_Workspace/RTOS_Workspace/common/ThirdParty/SystemView/SYSVIEW/SEGGER_SYSVIEW.c:2610:6:SEGGER_SYSVIEW_OnTaskStopExec	16	static,ignoring_inline_asm
C:/Users/ratho/Desktop/RTOS_Workspace/RTOS_Workspace/common/ThirdParty/SystemView/SYSVIEW/SEGGER_SYSVIEW.c:2628:6:SEGGER_SYSVIEW_OnTaskStartReady	40	static,ignoring_inline_asm
C:/Users/ratho/Desktop/RTOS_Workspace/RTOS_Workspace/common/ThirdParty/SystemView/SYSVIEW/SEGGER_SYSVIEW.c:2651:6:SEGGER_SYSVIEW_OnTaskStopReady	48	static,ignoring_inline_asm
C:/Users/ratho/Desktop/RTOS_Workspace/RTOS_Workspace/common/ThirdParty/SystemView/SYSVIEW/SEGGER_SYSVIEW.c:2674:6:SEGGER_SYSVIEW_MarkStart	40	static,ignoring_inline_asm
C:/Users/ratho/Desktop/RTOS_Workspace/RTOS_Workspace/common/ThirdParty/SystemView/SYSVIEW/SEGGER_SYSVIEW.c:2695:6:SEGGER_SYSVIEW_MarkStop	40	static,ignoring_inline_asm
C:/Users/ratho/Desktop/RTOS_Workspace/RTOS_Workspace/common/ThirdParty/SystemView/SYSVIEW/SEGGER_SYSVIEW.c:2716:6:SEGGER_SYSVIEW_Mark	48	static,ignoring_inline_asm
C:/Users/ratho/Desktop/RTOS_Workspace/RTOS_Workspace/common/ThirdParty/SystemView/SYSVIEW/SEGGER_SYSVIEW.c:2743:6:SEGGER_SYSVIEW_NameMarker	48	static,ignoring_inline_asm
C:/Users/ratho/Desktop/RTOS_Workspace/RTOS_Workspace/common/ThirdParty/SystemView/SYSVIEW/SEGGER_SYSVIEW.c:2771:6:SEGGER_SYSVIEW_NameResource	40	static,ignoring_inline_asm
C:/Users/ratho/Desktop/RTOS_Workspace/RTOS_Workspace/common/ThirdParty/SystemView/SYSVIEW/SEGGER_SYSVIEW.c:2797:6:SEGGER_SYSVIEW_RegisterData	192	static,ignoring_inline_asm
C:/Users/ratho/Desktop/RTOS_Workspace/RTOS_Workspace/common/ThirdParty/SystemView/SYSVIEW/SEGGER_SYSVIEW.c:2869:6:SEGGER_SYSVIEW_HeapDefine	80	static,ignoring_inline_asm
C:/Users/ratho/Desktop/RTOS_Workspace/RTOS_Workspace/common/ThirdParty/SystemView/SYSVIEW/SEGGER_SYSVIEW.c:2918:6:SEGGER_SYSVIEW_HeapAlloc	72	static,ignoring_inline_asm
C:/Users/ratho/Desktop/RTOS_Workspace/RTOS_Workspace/common/ThirdParty/SystemView/SYSVIEW/SEGGER_SYSVIEW.c:2970:6:SEGGER_SYSVIEW_HeapAllocEx	80	static,ignoring_inline_asm
C:/Users/ratho/Desktop/RTOS_Workspace/RTOS_Workspace/common/ThirdParty/SystemView/SYSVIEW/SEGGER_SYSVIEW.c:3000:6:SEGGER_SYSVIEW_HeapFree	56	static,ignoring_inline_asm
C:/Users/ratho/Desktop/RTOS_Workspace/RTOS_Workspace/common/ThirdParty/SystemView/SYSVIEW/SEGGER_SYSVIEW.c:3030:5:SEGGER_SYSVIEW_SendPacket	32	static,ignoring_inline_asm
C:/Users/ratho/Desktop/RTOS_Workspace/RTOS_Workspace/common/ThirdParty/SystemView/SYSVIEW/SEGGER_SYSVIEW.c:3060:5:SEGGER_SYSVIEW_SendPacket_Ex	32	static,ignoring_inline_asm
C:/Users/ratho/Desktop/RTOS_Workspace/RTOS_Workspace/common/ThirdParty/SystemView/SYSVIEW/SEGGER_SYSVIEW.c:3089:5:SEGGER_SYSVIEW_EncodeU32	24	static
C:/Users/ratho/Desktop/RTOS_Workspace/RTOS_Workspace/common/ThirdParty/SystemView/SYSVIEW/SEGGER_SYSVIEW.c:3116:5:SEGGER_SYSVIEW_EncodeString	24	static
C:/Users/ratho/Desktop/RTOS_Workspace/RTOS_Workspace/common/ThirdParty/SystemView/SYSVIEW/SEGGER_SYSVIEW.c:3142:5:SEGGER_SYSVIEW_EncodeData	24	static
C:/Users/ratho/Desktop/RTOS_Workspace/RTOS_Workspace/common/ThirdParty/SystemView/SYSVIEW/SEGGER_SYSVIEW.c:3170:5:SEGGER_SYSVIEW_EncodeId	24	static
C:/Users/ratho/Desktop/RTOS_Workspace/RTOS_Workspace/common/ThirdParty/SystemView/SYSVIEW/SEGGER_SYSVIEW.c:3198:5:SEGGER_SYSVIEW_ShrinkId	16	static
C:/Users/ratho/Desktop/RTOS_Workspace/RTOS_Workspace/common/ThirdParty/SystemView/SYSVIEW/SEGGER_SYSVIEW.c:3220:6:SEGGER_SYSVIEW_RegisterModule	24	static,ignoring_inline_asm
C:/Users/ratho/Desktop/RTOS_Workspace/RTOS_Workspace/common/ThirdParty/SystemView/SYSVIEW/SEGGER_SYSVIEW.c:3258:6:SEGGER_SYSVIEW_RecordModuleDescription	56	static,ignoring_inline_asm
C:/Users/ratho/Desktop/RTOS_Workspace/RTOS_Workspace/common/ThirdParty/SystemView/SYSVIEW/SEGGER_SYSVIEW.c:3299:6:SEGGER_SYSVIEW_SendModule	56	static,ignoring_inline_asm
C:/Users/ratho/Desktop/RTOS_Workspace/RTOS_Workspace/common/ThirdParty/SystemView/SYSVIEW/SEGGER_SYSVIEW.c:3341:6:SEGGER_SYSVIEW_SendModuleDescription	16	static
C:/Users/ratho/Desktop/RTOS_Workspace/RTOS_Workspace/common/ThirdParty/SystemView/SYSVIEW/SEGGER_SYSVIEW.c:3362:6:SEGGER_SYSVIEW_SendNumModules	32	static,ignoring_inline_asm
C:/Users/ratho/Desktop/RTOS_Workspace/RTOS_Workspace/common/ThirdParty/SystemView/SYSVIEW/SEGGER_SYSVIEW.c:3389:6:SEGGER_SYSVIEW_PrintfHostEx	28	static
C:/Users/ratho/Desktop/RTOS_Workspace/RTOS_Workspace/common/ThirdParty/SystemView/SYSVIEW/SEGGER_SYSVIEW.c:3426:6:SEGGER_SYSVIEW_VPrintfHostEx	24	static
C:/Users/ratho/Desktop/RTOS_Workspace/RTOS_Workspace/common/ThirdParty/SystemView/SYSVIEW/SEGGER_SYSVIEW.c:3456:6:SEGGER_SYSVIEW_PrintfHost	16	static
C:/Users/ratho/Desktop/RTOS_Workspace/RTOS_Workspace/common/ThirdParty/SystemView/SYSVIEW/SEGGER_SYSVIEW.c:3491:6:SEGGER_SYSVIEW_VPrintfHost	16	static
C:/Users/ratho/Desktop/RTOS_Workspace/RTOS_Workspace/common/ThirdParty/SystemView/SYSVIEW/SEGGER_SYSVIEW.c:3522:6:SEGGER_SYSVIEW_WarnfHost	16	static
C:/Users/ratho/Desktop/RTOS_Workspace/RTOS_Workspace/common/ThirdParty/SystemView/SYSVIEW/SEGGER_SYSVIEW.c:3558:6:SEGGER_SYSVIEW_VWarnfHost	16	static
C:/Users/ratho/Desktop/RTOS_Workspace/RTOS_Workspace/common/ThirdParty/SystemView/SYSVIEW/SEGGER_SYSVIEW.c:3589:6:SEGGER_SYSVIEW_ErrorfHost	16	static
C:/Users/ratho/Desktop/RTOS_Workspace/RTOS_Workspace/common/ThirdParty/SystemView/SYSVIEW/SEGGER_SYSVIEW.c:3625:6:SEGGER_SYSVIEW_VErrorfHost	16	static
C:/Users/ratho/Desktop/RTOS_Workspace/RTOS_Workspace/common/ThirdParty/SystemView/SYSVIEW/SEGGER_SYSVIEW.c:3654:6:SEGGER_SYSVIEW_PrintfTargetEx	28	static
C:/Users/ratho/Desktop/RTOS_Workspace/RTOS_Workspace/common/ThirdParty/SystemView/SYSVIEW/SEGGER_SYSVIEW.c:3675:6:SEGGER_SYSVIEW_VPrintfTargetEx	24	static
C:/Users/ratho/Desktop/RTOS_Workspace/RTOS_Workspace/common/ThirdParty/SystemView/SYSVIEW/SEGGER_SYSVIEW.c:3690:6:SEGGER_SYSVIEW_PrintfTarget	16	static
C:/Users/ratho/Desktop/RTOS_Workspace/RTOS_Workspace/common/ThirdParty/SystemView/SYSVIEW/SEGGER_SYSVIEW.c:3710:6:SEGGER_SYSVIEW_VPrintfTarget	16	static
C:/Users/ratho/Desktop/RTOS_Workspace/RTOS_Workspace/common/ThirdParty/SystemView/SYSVIEW/SEGGER_SYSVIEW.c:3725:6:SEGGER_SYSVIEW_WarnfTarget	16	static
C:/Users/ratho/Desktop/RTOS_Workspace/RTOS_Workspace/common/ThirdParty/SystemView/SYSVIEW/SEGGER_SYSVIEW.c:3745:6:SEGGER_SYSVIEW_VWarnfTarget	16	static
C:/Users/ratho/Desktop/RTOS_Workspace/RTOS_Workspace/common/ThirdParty/SystemView/SYSVIEW/SEGGER_SYSVIEW.c:3760:6:SEGGER_SYSVIEW_ErrorfTarget	16	static
C:/Users/ratho/Desktop/RTOS_Workspace/RTOS_Workspace/common/ThirdParty/SystemView/SYSVIEW/SEGGER_SYSVIEW.c:3780:6:SEGGER_SYSVIEW_VErrorfTarget	16	static
C:/Users/ratho/Desktop/RTOS_Workspace/RTOS_Workspace/common/ThirdParty/SystemView/SYSVIEW/SEGGER_SYSVIEW.c:3797:6:SEGGER_SYSVIEW__PrintElf	56	static,ignoring_inline_asm
C:/Users/ratho/Desktop/RTOS_Workspace/RTOS_Workspace/common/ThirdParty/SystemView/SYSVIEW/SEGGER_SYSVIEW.c:3823:6:SEGGER_SYSVIEW__PrintElf_U32	72	static,ignoring_inline_asm
C:/Users/ratho/Desktop/RTOS_Workspace/RTOS_Workspace/common/ThirdParty/SystemView/SYSVIEW/SEGGER_SYSVIEW.c:3851:6:SEGGER_SYSVIEW__PrintElf_U32x2	80	static,ignoring_inline_asm
C:/Users/ratho/Desktop/RTOS_Workspace/RTOS_Workspace/common/ThirdParty/SystemView/SYSVIEW/SEGGER_SYSVIEW.c:3881:6:SEGGER_SYSVIEW__PrintElf_U32x3	88	static,ignoring_inline_asm
C:/Users/ratho/Desktop/RTOS_Workspace/RTOS_Workspace/common/ThirdParty/SystemView/SYSVIEW/SEGGER_SYSVIEW.c:3913:6:SEGGER_SYSVIEW__PrintElf_U32x4	96	static,ignoring_inline_asm
C:/Users/ratho/Desktop/RTOS_Workspace/RTOS_Workspace/common/ThirdParty/SystemView/SYSVIEW/SEGGER_SYSVIEW.c:3947:6:SEGGER_SYSVIEW__PrintElf_U32x5	104	static,ignoring_inline_asm
C:/Users/ratho/Desktop/RTOS_Workspace/RTOS_Workspace/common/ThirdParty/SystemView/SYSVIEW/SEGGER_SYSVIEW.c:3983:6:SEGGER_SYSVIEW__PrintElf_U32x6	112	static,ignoring_inline_asm
C:/Users/ratho/Desktop/RTOS_Workspace/RTOS_Workspace/common/ThirdParty/SystemView/SYSVIEW/SEGGER_SYSVIEW.c:4021:6:SEGGER_SYSVIEW__PrintElf_U32x7	120	static,ignoring_inline_asm
C:/Users/ratho/Desktop/RTOS_Workspace/RTOS_Workspace/common/ThirdParty/SystemView/SYSVIEW/SEGGER_SYSVIEW.c:4061:6:SEGGER_SYSVIEW__PrintElf_U32x8	128	static,ignoring_inline_asm
C:/Users/ratho/Desktop/RTOS_Workspace/RTOS_Workspace/common/ThirdParty/SystemView/SYSVIEW/SEGGER_SYSVIEW.c:4103:6:SEGGER_SYSVIEW__PrintElf_U32x9	136	static,ignoring_inline_asm
C:/Users/ratho/Desktop/RTOS_Workspace/RTOS_Workspace/common/ThirdParty/SystemView/SYSVIEW/SEGGER_SYSVIEW.c:4147:6:SEGGER_SYSVIEW__PrintElf_U32x10	144	static,ignoring_inline_asm
C:/Users/ratho/Desktop/RTOS_Workspace/RTOS_Workspace/common/ThirdParty/SystemView/SYSVIEW/SEGGER_SYSVIEW.c:4186:6:SEGGER_SYSVIEW__PrintElf_Fmt	72	static,ignoring_inline_asm
C:/Users/ratho/Desktop/RTOS_Workspace/RTOS_Workspace/common/ThirdParty/SystemView/SYSVIEW/SEGGER_SYSVIEW.c:4216:6:SEGGER_SYSVIEW_Print	48	static,ignoring_inline_asm
C:/Users/ratho/Desktop/RTOS_Workspace/RTOS_Workspace/common/ThirdParty/SystemView/SYSVIEW/SEGGER_SYSVIEW.c:4238:6:SEGGER_SYSVIEW_Warn	48	static,ignoring_inline_asm
C:/Users/ratho/Desktop/RTOS_Workspace/RTOS_Workspace/common/ThirdParty/SystemView/SYSVIEW/SEGGER_SYSVIEW.c:4260:6:SEGGER_SYSVIEW_Error	48	static,ignoring_inline_asm
C:/Users/ratho/Desktop/RTOS_Workspace/RTOS_Workspace/common/ThirdParty/SystemView/SYSVIEW/SEGGER_SYSVIEW.c:4282:6:SEGGER_SYSVIEW_EnableEvents	16	static
C:/Users/ratho/Desktop/RTOS_Workspace/RTOS_Workspace/common/ThirdParty/SystemView/SYSVIEW/SEGGER_SYSVIEW.c:4296:6:SEGGER_SYSVIEW_DisableEvents	16	static
C:/Users/ratho/Desktop/RTOS_Workspace/RTOS_Workspace/common/ThirdParty/SystemView/SYSVIEW/SEGGER_SYSVIEW.c:4311:5:SEGGER_SYSVIEW_IsStarted	8	static
